// Validating benchmarks:
// ***** BenchmarkRunner: Start   *****
// ***** Found 2 benchmark(s) in total *****
// ***** Building 1 exe(s) in Parallel: Start   *****
// start dotnet  restore /p:UseSharedCompilation=false /p:BuildInParallel=false /m:1 /p:Deterministic=true /p:Optimize=true /p:ArtifactsPath="/Users/jacob/dev/me/active/ul/artifacts/bin/CompareSaxVsXDocument/release/CompareSaxVsXDocument-.NET 9.0-1/" /p:OutDir="/Users/jacob/dev/me/active/ul/artifacts/bin/CompareSaxVsXDocument/release/CompareSaxVsXDocument-.NET 9.0-1/bin/Release/net9.0/" /p:OutputPath="/Users/jacob/dev/me/active/ul/artifacts/bin/CompareSaxVsXDocument/release/CompareSaxVsXDocument-.NET 9.0-1/bin/Release/net9.0/" /p:PublishDir="/Users/jacob/dev/me/active/ul/artifacts/bin/CompareSaxVsXDocument/release/CompareSaxVsXDocument-.NET 9.0-1/publish/" in /Users/jacob/dev/me/active/ul/artifacts/bin/CompareSaxVsXDocument/release/CompareSaxVsXDocument-.NET 9.0-1
// command took 0.52 sec and exited with 0
// start dotnet  build -c Release --no-restore /p:UseSharedCompilation=false /p:BuildInParallel=false /m:1 /p:Deterministic=true /p:Optimize=true /p:ArtifactsPath="/Users/jacob/dev/me/active/ul/artifacts/bin/CompareSaxVsXDocument/release/CompareSaxVsXDocument-.NET 9.0-1/" /p:OutDir="/Users/jacob/dev/me/active/ul/artifacts/bin/CompareSaxVsXDocument/release/CompareSaxVsXDocument-.NET 9.0-1/bin/Release/net9.0/" /p:OutputPath="/Users/jacob/dev/me/active/ul/artifacts/bin/CompareSaxVsXDocument/release/CompareSaxVsXDocument-.NET 9.0-1/bin/Release/net9.0/" /p:PublishDir="/Users/jacob/dev/me/active/ul/artifacts/bin/CompareSaxVsXDocument/release/CompareSaxVsXDocument-.NET 9.0-1/publish/" --output "/Users/jacob/dev/me/active/ul/artifacts/bin/CompareSaxVsXDocument/release/CompareSaxVsXDocument-.NET 9.0-1/bin/Release/net9.0/" in /Users/jacob/dev/me/active/ul/artifacts/bin/CompareSaxVsXDocument/release/CompareSaxVsXDocument-.NET 9.0-1
// command took 5.15 sec and exited with 0
// ***** Done, took 00:00:05 (5.71 sec)   *****
// Found 2 benchmarks:
//   Deserialize.Sax: .NET 9.0(Runtime=.NET 9.0)
//   Deserialize.XDocument: .NET 9.0(Runtime=.NET 9.0)

// **************************
// Benchmark: Deserialize.Sax: .NET 9.0(Runtime=.NET 9.0)
// *** Execute ***
// Launch: 1 / 1
// Execute: dotnet "CompareSaxVsXDocument-.NET 9.0-1.dll" --anonymousPipes 122 123 --benchmarkName Benchmark.Deserialize.Sax --job ".NET 9.0" --benchmarkId 0 in /Users/jacob/dev/me/active/ul/artifacts/bin/CompareSaxVsXDocument/release/CompareSaxVsXDocument-.NET 9.0-1/bin/Release/net9.0
// Failed to set up high priority (Permission denied). In order to run benchmarks with high priority, make sure you have the right permissions.
// BeforeAnythingElse

// Benchmark Process Environment Information:
// BenchmarkDotNet v0.15.2
// Runtime=.NET 9.0.5 (9.0.525.21509), Arm64 RyuJIT AdvSIMD
// GC=Concurrent Workstation
// HardwareIntrinsics=AdvSIMD,AES,CRC32,DP,RDM,SHA1,SHA256 VectorSize=128
// Job: .NET 9.0

OverheadJitting  1: 1 op, 95542.00 ns, 95.5420 us/op
WorkloadJitting  1: 1 op, 39381083.00 ns, 39.3811 ms/op

WorkloadPilot    1: 2 op, 36074958.00 ns, 18.0375 ms/op
WorkloadPilot    2: 3 op, 53596542.00 ns, 17.8655 ms/op
WorkloadPilot    3: 4 op, 71252125.00 ns, 17.8130 ms/op
WorkloadPilot    4: 5 op, 87617125.00 ns, 17.5234 ms/op
WorkloadPilot    5: 6 op, 99119416.00 ns, 16.5199 ms/op
WorkloadPilot    6: 7 op, 116433917.00 ns, 16.6334 ms/op
WorkloadPilot    7: 8 op, 135361333.00 ns, 16.9202 ms/op
WorkloadPilot    8: 9 op, 170486917.00 ns, 18.9430 ms/op
WorkloadPilot    9: 10 op, 174175459.00 ns, 17.4175 ms/op
WorkloadPilot   10: 11 op, 205309958.00 ns, 18.6645 ms/op
WorkloadPilot   11: 12 op, 223163875.00 ns, 18.5970 ms/op
WorkloadPilot   12: 13 op, 242879791.00 ns, 18.6831 ms/op
WorkloadPilot   13: 14 op, 260455000.00 ns, 18.6039 ms/op
WorkloadPilot   14: 15 op, 283023000.00 ns, 18.8682 ms/op
WorkloadPilot   15: 16 op, 299875334.00 ns, 18.7422 ms/op
WorkloadPilot   16: 32 op, 597176833.00 ns, 18.6618 ms/op

OverheadWarmup   1: 32 op, 1333.00 ns, 41.6563 ns/op
OverheadWarmup   2: 32 op, 167.00 ns, 5.2188 ns/op
OverheadWarmup   3: 32 op, 166.00 ns, 5.1875 ns/op
OverheadWarmup   4: 32 op, 166.00 ns, 5.1875 ns/op
OverheadWarmup   5: 32 op, 166.00 ns, 5.1875 ns/op
OverheadWarmup   6: 32 op, 166.00 ns, 5.1875 ns/op
OverheadWarmup   7: 32 op, 83.00 ns, 2.5938 ns/op

// BeforeActualRun
WorkloadActual   1: 32 op, 599652167.00 ns, 18.7391 ms/op
WorkloadActual   2: 32 op, 599359750.00 ns, 18.7300 ms/op
WorkloadActual   3: 32 op, 612825334.00 ns, 19.1508 ms/op
WorkloadActual   4: 32 op, 601117500.00 ns, 18.7849 ms/op
WorkloadActual   5: 32 op, 595566625.00 ns, 18.6115 ms/op
WorkloadActual   6: 32 op, 610152458.00 ns, 19.0673 ms/op
WorkloadActual   7: 32 op, 602173625.00 ns, 18.8179 ms/op
WorkloadActual   8: 32 op, 596570167.00 ns, 18.6428 ms/op
WorkloadActual   9: 32 op, 598052959.00 ns, 18.6892 ms/op
WorkloadActual  10: 32 op, 623042458.00 ns, 19.4701 ms/op
WorkloadActual  11: 32 op, 605451250.00 ns, 18.9204 ms/op
WorkloadActual  12: 32 op, 597183458.00 ns, 18.6620 ms/op
WorkloadActual  13: 32 op, 597138458.00 ns, 18.6606 ms/op
WorkloadActual  14: 32 op, 598338958.00 ns, 18.6981 ms/op
WorkloadActual  15: 32 op, 597257166.00 ns, 18.6643 ms/op

// AfterActualRun
WorkloadResult   1: 32 op, 599652167.00 ns, 18.7391 ms/op
WorkloadResult   2: 32 op, 599359750.00 ns, 18.7300 ms/op
WorkloadResult   3: 32 op, 612825334.00 ns, 19.1508 ms/op
WorkloadResult   4: 32 op, 601117500.00 ns, 18.7849 ms/op
WorkloadResult   5: 32 op, 595566625.00 ns, 18.6115 ms/op
WorkloadResult   6: 32 op, 610152458.00 ns, 19.0673 ms/op
WorkloadResult   7: 32 op, 602173625.00 ns, 18.8179 ms/op
WorkloadResult   8: 32 op, 596570167.00 ns, 18.6428 ms/op
WorkloadResult   9: 32 op, 598052959.00 ns, 18.6892 ms/op
WorkloadResult  10: 32 op, 605451250.00 ns, 18.9204 ms/op
WorkloadResult  11: 32 op, 597183458.00 ns, 18.6620 ms/op
WorkloadResult  12: 32 op, 597138458.00 ns, 18.6606 ms/op
WorkloadResult  13: 32 op, 598338958.00 ns, 18.6981 ms/op
WorkloadResult  14: 32 op, 597257166.00 ns, 18.6643 ms/op
// GC:  35 16 8 274471560 32
// Threading:  0 0 32

// AfterAll
// Benchmark Process 45521 has exited with code 0.

// Run, Diagnostic
// Execute: dotnet "CompareSaxVsXDocument-.NET 9.0-1.dll" --anonymousPipes 122 123 --benchmarkName Benchmark.Deserialize.Sax --job ".NET 9.0" --benchmarkId 0 in /Users/jacob/dev/me/active/ul/artifacts/bin/CompareSaxVsXDocument/release/CompareSaxVsXDocument-.NET 9.0-1/bin/Release/net9.0
// Failed to set up high priority (Permission denied). In order to run benchmarks with high priority, make sure you have the right permissions.
// BeforeAnythingElse

// Benchmark Process Environment Information:
// BenchmarkDotNet v0.15.2
// Runtime=.NET 9.0.5 (9.0.525.21509), Arm64 RyuJIT AdvSIMD
// GC=Concurrent Workstation
// HardwareIntrinsics=AdvSIMD,AES,CRC32,DP,RDM,SHA1,SHA256 VectorSize=128
// Job: .NET 9.0

OverheadJitting  1: 1 op, 81625.00 ns, 81.6250 us/op
WorkloadJitting  1: 1 op, 41003667.00 ns, 41.0037 ms/op

WorkloadPilot    1: 2 op, 38919834.00 ns, 19.4599 ms/op
WorkloadPilot    2: 3 op, 55730708.00 ns, 18.5769 ms/op
WorkloadPilot    3: 4 op, 74861541.00 ns, 18.7154 ms/op
WorkloadPilot    4: 5 op, 92185792.00 ns, 18.4372 ms/op
WorkloadPilot    5: 6 op, 109399667.00 ns, 18.2333 ms/op
WorkloadPilot    6: 7 op, 120934250.00 ns, 17.2763 ms/op
WorkloadPilot    7: 8 op, 160894208.00 ns, 20.1118 ms/op
WorkloadPilot    8: 9 op, 156841458.00 ns, 17.4268 ms/op
WorkloadPilot    9: 10 op, 187744500.00 ns, 18.7745 ms/op
WorkloadPilot   10: 11 op, 212112292.00 ns, 19.2829 ms/op
WorkloadPilot   11: 12 op, 232928959.00 ns, 19.4107 ms/op
WorkloadPilot   12: 13 op, 250894625.00 ns, 19.2996 ms/op
WorkloadPilot   13: 14 op, 268401459.00 ns, 19.1715 ms/op
WorkloadPilot   14: 15 op, 291404834.00 ns, 19.4270 ms/op
WorkloadPilot   15: 16 op, 306236084.00 ns, 19.1398 ms/op
WorkloadPilot   16: 32 op, 614841042.00 ns, 19.2138 ms/op

OverheadWarmup   1: 32 op, 1042.00 ns, 32.5625 ns/op
OverheadWarmup   2: 32 op, 167.00 ns, 5.2188 ns/op
OverheadWarmup   3: 32 op, 250.00 ns, 7.8125 ns/op
OverheadWarmup   4: 32 op, 125.00 ns, 3.9063 ns/op
OverheadWarmup   5: 32 op, 250.00 ns, 7.8125 ns/op
OverheadWarmup   6: 32 op, 166.00 ns, 5.1875 ns/op

// BeforeActualRun
WorkloadActual   1: 32 op, 612501166.00 ns, 19.1407 ms/op
WorkloadActual   2: 32 op, 617814416.00 ns, 19.3067 ms/op
WorkloadActual   3: 32 op, 614796958.00 ns, 19.2124 ms/op
WorkloadActual   4: 32 op, 615136166.00 ns, 19.2230 ms/op
WorkloadActual   5: 32 op, 615772292.00 ns, 19.2429 ms/op
WorkloadActual   6: 32 op, 615713209.00 ns, 19.2410 ms/op
WorkloadActual   7: 32 op, 614344125.00 ns, 19.1983 ms/op
WorkloadActual   8: 32 op, 615191458.00 ns, 19.2247 ms/op
WorkloadActual   9: 32 op, 625201666.00 ns, 19.5376 ms/op
WorkloadActual  10: 32 op, 641697917.00 ns, 20.0531 ms/op
WorkloadActual  11: 32 op, 614166625.00 ns, 19.1927 ms/op
WorkloadActual  12: 32 op, 617616208.00 ns, 19.3005 ms/op
WorkloadActual  13: 32 op, 621144459.00 ns, 19.4108 ms/op
WorkloadActual  14: 32 op, 613664292.00 ns, 19.1770 ms/op
WorkloadActual  15: 32 op, 613530750.00 ns, 19.1728 ms/op

// AfterActualRun
WorkloadResult   1: 32 op, 612501166.00 ns, 19.1407 ms/op
WorkloadResult   2: 32 op, 617814416.00 ns, 19.3067 ms/op
WorkloadResult   3: 32 op, 614796958.00 ns, 19.2124 ms/op
WorkloadResult   4: 32 op, 615136166.00 ns, 19.2230 ms/op
WorkloadResult   5: 32 op, 615772292.00 ns, 19.2429 ms/op
WorkloadResult   6: 32 op, 615713209.00 ns, 19.2410 ms/op
WorkloadResult   7: 32 op, 614344125.00 ns, 19.1983 ms/op
WorkloadResult   8: 32 op, 615191458.00 ns, 19.2247 ms/op
WorkloadResult   9: 32 op, 614166625.00 ns, 19.1927 ms/op
WorkloadResult  10: 32 op, 617616208.00 ns, 19.3005 ms/op
WorkloadResult  11: 32 op, 621144459.00 ns, 19.4108 ms/op
WorkloadResult  12: 32 op, 613664292.00 ns, 19.1770 ms/op
WorkloadResult  13: 32 op, 613530750.00 ns, 19.1728 ms/op
// GC:  36 17 8 274478136 32
// Threading:  0 0 32

// AfterAll
// Benchmark Process 45530 has exited with code 0.

Mean = 18.774 ms, StdErr = 0.044 ms (0.23%), N = 14, StdDev = 0.164 ms
Min = 18.611 ms, Q1 = 18.663 ms, Median = 18.714 ms, Q3 = 18.810 ms, Max = 19.151 ms
IQR = 0.147 ms, LowerFence = 18.442 ms, UpperFence = 19.030 ms
ConfidenceInterval = [18.589 ms; 18.959 ms] (CI 99.9%), Margin = 0.185 ms (0.98% of Mean)
Skewness = 1.14, Kurtosis = 2.93, MValue = 2

// ** Remained 1 (50.0%) benchmark(s) to run. Estimated finish 2025-09-01 17:44 (0h 0m from now) **
// **************************
// Benchmark: Deserialize.XDocument: .NET 9.0(Runtime=.NET 9.0)
// *** Execute ***
// Launch: 1 / 1
// Execute: dotnet "CompareSaxVsXDocument-.NET 9.0-1.dll" --anonymousPipes 133 136 --benchmarkName Benchmark.Deserialize.XDocument --job ".NET 9.0" --benchmarkId 1 in /Users/jacob/dev/me/active/ul/artifacts/bin/CompareSaxVsXDocument/release/CompareSaxVsXDocument-.NET 9.0-1/bin/Release/net9.0
// Failed to set up high priority (Permission denied). In order to run benchmarks with high priority, make sure you have the right permissions.
// BeforeAnythingElse

// Benchmark Process Environment Information:
// BenchmarkDotNet v0.15.2
// Runtime=.NET 9.0.5 (9.0.525.21509), Arm64 RyuJIT AdvSIMD
// GC=Concurrent Workstation
// HardwareIntrinsics=AdvSIMD,AES,CRC32,DP,RDM,SHA1,SHA256 VectorSize=128
// Job: .NET 9.0

OverheadJitting  1: 1 op, 73709.00 ns, 73.7090 us/op
WorkloadJitting  1: 1 op, 112875792.00 ns, 112.8758 ms/op

WorkloadPilot    1: 2 op, 209040292.00 ns, 104.5201 ms/op
WorkloadPilot    2: 3 op, 305946584.00 ns, 101.9822 ms/op
WorkloadPilot    3: 4 op, 386099500.00 ns, 96.5249 ms/op
WorkloadPilot    4: 5 op, 473667000.00 ns, 94.7334 ms/op
WorkloadPilot    5: 6 op, 479008166.00 ns, 79.8347 ms/op
WorkloadPilot    6: 7 op, 478779750.00 ns, 68.3971 ms/op
WorkloadPilot    7: 8 op, 531904208.00 ns, 66.4880 ms/op

OverheadWarmup   1: 8 op, 459.00 ns, 57.3750 ns/op
OverheadWarmup   2: 8 op, 125.00 ns, 15.6250 ns/op
OverheadWarmup   3: 8 op, 42.00 ns, 5.2500 ns/op
OverheadWarmup   4: 8 op, 750.00 ns, 93.7500 ns/op
OverheadWarmup   5: 8 op, 250.00 ns, 31.2500 ns/op
OverheadWarmup   6: 8 op, 84.00 ns, 10.5000 ns/op
OverheadWarmup   7: 8 op, 83.00 ns, 10.3750 ns/op
OverheadWarmup   8: 8 op, 83.00 ns, 10.3750 ns/op
OverheadWarmup   9: 8 op, 84.00 ns, 10.5000 ns/op

// BeforeActualRun
WorkloadActual   1: 8 op, 527673167.00 ns, 65.9591 ms/op
WorkloadActual   2: 8 op, 525453416.00 ns, 65.6817 ms/op
WorkloadActual   3: 8 op, 524566375.00 ns, 65.5708 ms/op
WorkloadActual   4: 8 op, 526592291.00 ns, 65.8240 ms/op
WorkloadActual   5: 8 op, 523758459.00 ns, 65.4698 ms/op
WorkloadActual   6: 8 op, 526094708.00 ns, 65.7618 ms/op
WorkloadActual   7: 8 op, 528013417.00 ns, 66.0017 ms/op
WorkloadActual   8: 8 op, 526066583.00 ns, 65.7583 ms/op
WorkloadActual   9: 8 op, 525939708.00 ns, 65.7425 ms/op
WorkloadActual  10: 8 op, 521979667.00 ns, 65.2475 ms/op
WorkloadActual  11: 8 op, 524175584.00 ns, 65.5219 ms/op
WorkloadActual  12: 8 op, 524487541.00 ns, 65.5609 ms/op
WorkloadActual  13: 8 op, 548497083.00 ns, 68.5621 ms/op
WorkloadActual  14: 8 op, 527869958.00 ns, 65.9837 ms/op
WorkloadActual  15: 8 op, 527328375.00 ns, 65.9160 ms/op

// AfterActualRun
WorkloadResult   1: 8 op, 527673167.00 ns, 65.9591 ms/op
WorkloadResult   2: 8 op, 525453416.00 ns, 65.6817 ms/op
WorkloadResult   3: 8 op, 524566375.00 ns, 65.5708 ms/op
WorkloadResult   4: 8 op, 526592291.00 ns, 65.8240 ms/op
WorkloadResult   5: 8 op, 523758459.00 ns, 65.4698 ms/op
WorkloadResult   6: 8 op, 526094708.00 ns, 65.7618 ms/op
WorkloadResult   7: 8 op, 528013417.00 ns, 66.0017 ms/op
WorkloadResult   8: 8 op, 526066583.00 ns, 65.7583 ms/op
WorkloadResult   9: 8 op, 525939708.00 ns, 65.7425 ms/op
WorkloadResult  10: 8 op, 521979667.00 ns, 65.2475 ms/op
WorkloadResult  11: 8 op, 524175584.00 ns, 65.5219 ms/op
WorkloadResult  12: 8 op, 524487541.00 ns, 65.5609 ms/op
WorkloadResult  13: 8 op, 527869958.00 ns, 65.9837 ms/op
WorkloadResult  14: 8 op, 527328375.00 ns, 65.9160 ms/op
// GC:  62 20 8 475033608 8
// Threading:  0 0 8

// AfterAll
// Benchmark Process 45537 has exited with code 0.

// Run, Diagnostic
// Execute: dotnet "CompareSaxVsXDocument-.NET 9.0-1.dll" --anonymousPipes 133 136 --benchmarkName Benchmark.Deserialize.XDocument --job ".NET 9.0" --benchmarkId 1 in /Users/jacob/dev/me/active/ul/artifacts/bin/CompareSaxVsXDocument/release/CompareSaxVsXDocument-.NET 9.0-1/bin/Release/net9.0
// Failed to set up high priority (Permission denied). In order to run benchmarks with high priority, make sure you have the right permissions.
// BeforeAnythingElse

// Benchmark Process Environment Information:
// BenchmarkDotNet v0.15.2
// Runtime=.NET 9.0.5 (9.0.525.21509), Arm64 RyuJIT AdvSIMD
// GC=Concurrent Workstation
// HardwareIntrinsics=AdvSIMD,AES,CRC32,DP,RDM,SHA1,SHA256 VectorSize=128
// Job: .NET 9.0

OverheadJitting  1: 1 op, 81625.00 ns, 81.6250 us/op
WorkloadJitting  1: 1 op, 114854125.00 ns, 114.8541 ms/op

WorkloadPilot    1: 2 op, 212447958.00 ns, 106.2240 ms/op
WorkloadPilot    2: 3 op, 401851125.00 ns, 133.9504 ms/op
WorkloadPilot    3: 4 op, 378017208.00 ns, 94.5043 ms/op
WorkloadPilot    4: 5 op, 359294667.00 ns, 71.8589 ms/op
WorkloadPilot    5: 6 op, 425171875.00 ns, 70.8620 ms/op
WorkloadPilot    6: 7 op, 502533084.00 ns, 71.7904 ms/op

OverheadWarmup   1: 7 op, 250.00 ns, 35.7143 ns/op
OverheadWarmup   2: 7 op, 84.00 ns, 12.0000 ns/op
OverheadWarmup   3: 7 op, 41.00 ns, 5.8571 ns/op
OverheadWarmup   4: 7 op, 83.00 ns, 11.8571 ns/op
OverheadWarmup   5: 7 op, 458.00 ns, 65.4286 ns/op
OverheadWarmup   6: 7 op, 41.00 ns, 5.8571 ns/op
OverheadWarmup   7: 7 op, 0.00 ns, 0.0000 ns/op
OverheadWarmup   8: 7 op, 42.00 ns, 6.0000 ns/op
OverheadWarmup   9: 7 op, 83.00 ns, 11.8571 ns/op
OverheadWarmup  10: 7 op, 83.00 ns, 11.8571 ns/op

// BeforeActualRun
WorkloadActual   1: 7 op, 483549459.00 ns, 69.0785 ms/op
WorkloadActual   2: 7 op, 484632833.00 ns, 69.2333 ms/op
WorkloadActual   3: 7 op, 482972375.00 ns, 68.9961 ms/op
WorkloadActual   4: 7 op, 481997541.00 ns, 68.8568 ms/op
WorkloadActual   5: 7 op, 484720458.00 ns, 69.2458 ms/op
WorkloadActual   6: 7 op, 483889958.00 ns, 69.1271 ms/op
WorkloadActual   7: 7 op, 481713167.00 ns, 68.8162 ms/op
WorkloadActual   8: 7 op, 480876833.00 ns, 68.6967 ms/op
WorkloadActual   9: 7 op, 479047000.00 ns, 68.4353 ms/op
WorkloadActual  10: 7 op, 486443292.00 ns, 69.4919 ms/op
WorkloadActual  11: 7 op, 467320250.00 ns, 66.7600 ms/op
WorkloadActual  12: 7 op, 485174250.00 ns, 69.3106 ms/op
WorkloadActual  13: 7 op, 484290208.00 ns, 69.1843 ms/op
WorkloadActual  14: 7 op, 483835958.00 ns, 69.1194 ms/op
WorkloadActual  15: 7 op, 483932375.00 ns, 69.1332 ms/op

// AfterActualRun
WorkloadResult   1: 7 op, 483549459.00 ns, 69.0785 ms/op
WorkloadResult   2: 7 op, 484632833.00 ns, 69.2333 ms/op
WorkloadResult   3: 7 op, 482972375.00 ns, 68.9961 ms/op
WorkloadResult   4: 7 op, 481997541.00 ns, 68.8568 ms/op
WorkloadResult   5: 7 op, 484720458.00 ns, 69.2458 ms/op
WorkloadResult   6: 7 op, 483889958.00 ns, 69.1271 ms/op
WorkloadResult   7: 7 op, 481713167.00 ns, 68.8162 ms/op
WorkloadResult   8: 7 op, 480876833.00 ns, 68.6967 ms/op
WorkloadResult   9: 7 op, 479047000.00 ns, 68.4353 ms/op
WorkloadResult  10: 7 op, 486443292.00 ns, 69.4919 ms/op
WorkloadResult  11: 7 op, 467320250.00 ns, 66.7600 ms/op
WorkloadResult  12: 7 op, 485174250.00 ns, 69.3106 ms/op
WorkloadResult  13: 7 op, 484290208.00 ns, 69.1843 ms/op
WorkloadResult  14: 7 op, 483835958.00 ns, 69.1194 ms/op
WorkloadResult  15: 7 op, 483932375.00 ns, 69.1332 ms/op
// GC:  55 19 8 415658600 7
// Threading:  0 0 7

// AfterAll
// Benchmark Process 45544 has exited with code 0.

Mean = 65.714 ms, StdErr = 0.059 ms (0.09%), N = 14, StdDev = 0.221 ms
Min = 65.247 ms, Q1 = 65.563 ms, Median = 65.750 ms, Q3 = 65.893 ms, Max = 66.002 ms
IQR = 0.330 ms, LowerFence = 65.069 ms, UpperFence = 66.388 ms
ConfidenceInterval = [65.465 ms; 65.963 ms] (CI 99.9%), Margin = 0.249 ms (0.38% of Mean)
Skewness = -0.41, Kurtosis = 2.14, MValue = 2

// ** Remained 0 (0.0%) benchmark(s) to run. Estimated finish 2025-09-01 17:44 (0h 0m from now) **
// ***** BenchmarkRunner: Finish  *****

// * Export *
  BenchmarkDotNet.Artifacts/results/Benchmark.Deserialize-report.csv
  BenchmarkDotNet.Artifacts/results/Benchmark.Deserialize-report-github.md
  BenchmarkDotNet.Artifacts/results/Benchmark.Deserialize-report.html

// * Detailed results *
Deserialize.Sax: .NET 9.0(Runtime=.NET 9.0)
Runtime = .NET 9.0.5 (9.0.525.21509), Arm64 RyuJIT AdvSIMD; GC = Concurrent Workstation
Mean = 18.774 ms, StdErr = 0.044 ms (0.23%), N = 14, StdDev = 0.164 ms
Min = 18.611 ms, Q1 = 18.663 ms, Median = 18.714 ms, Q3 = 18.810 ms, Max = 19.151 ms
IQR = 0.147 ms, LowerFence = 18.442 ms, UpperFence = 19.030 ms
ConfidenceInterval = [18.589 ms; 18.959 ms] (CI 99.9%), Margin = 0.185 ms (0.98% of Mean)
Skewness = 1.14, Kurtosis = 2.93, MValue = 2
-------------------- Histogram --------------------
[18.522 ms ; 19.240 ms) | @@@@@@@@@@@@@@
---------------------------------------------------

Deserialize.XDocument: .NET 9.0(Runtime=.NET 9.0)
Runtime = .NET 9.0.5 (9.0.525.21509), Arm64 RyuJIT AdvSIMD; GC = Concurrent Workstation
Mean = 65.714 ms, StdErr = 0.059 ms (0.09%), N = 14, StdDev = 0.221 ms
Min = 65.247 ms, Q1 = 65.563 ms, Median = 65.750 ms, Q3 = 65.893 ms, Max = 66.002 ms
IQR = 0.330 ms, LowerFence = 65.069 ms, UpperFence = 66.388 ms
ConfidenceInterval = [65.465 ms; 65.963 ms] (CI 99.9%), Margin = 0.249 ms (0.38% of Mean)
Skewness = -0.41, Kurtosis = 2.14, MValue = 2
-------------------- Histogram --------------------
[65.127 ms ; 66.122 ms) | @@@@@@@@@@@@@@
---------------------------------------------------

// * Summary *

BenchmarkDotNet v0.15.2, macOS Sequoia 15.4.1 (24E263) [Darwin 24.4.0]
Apple M4 Max, 1 CPU, 16 logical and 16 physical cores
.NET SDK 9.0.300
  [Host]   : .NET 9.0.5 (9.0.525.21509), Arm64 RyuJIT AdvSIMD
  .NET 9.0 : .NET 9.0.5 (9.0.525.21509), Arm64 RyuJIT AdvSIMD

Job=.NET 9.0  Runtime=.NET 9.0  

| Method    | Mean     | Error    | StdDev   | Ratio | Gen0      | Gen1      | Gen2      | Allocated | Alloc Ratio |
|---------- |---------:|---------:|---------:|------:|----------:|----------:|----------:|----------:|------------:|
| Sax       | 18.77 ms | 0.185 ms | 0.164 ms |  0.29 | 1093.7500 |  500.0000 |  250.0000 |   8.18 MB |        0.14 |
| XDocument | 65.71 ms | 0.249 ms | 0.221 ms |  1.00 | 7750.0000 | 2500.0000 | 1000.0000 |  56.63 MB |        1.00 |

// * Hints *
Outliers
  Deserialize.Sax: .NET 9.0       -> 1 outlier  was  removed (19.47 ms)
  Deserialize.XDocument: .NET 9.0 -> 1 outlier  was  removed (68.56 ms)

// * Legends *
  Mean        : Arithmetic mean of all measurements
  Error       : Half of 99.9% confidence interval
  StdDev      : Standard deviation of all measurements
  Ratio       : Mean of the ratio distribution ([Current]/[Baseline])
  Gen0        : GC Generation 0 collects per 1000 operations
  Gen1        : GC Generation 1 collects per 1000 operations
  Gen2        : GC Generation 2 collects per 1000 operations
  Allocated   : Allocated memory per single operation (managed only, inclusive, 1KB = 1024B)
  Alloc Ratio : Allocated memory ratio distribution ([Current]/[Baseline])
  1 ms        : 1 Millisecond (0.001 sec)

// * Diagnostic Output - EventPipeProfiler *
Exported 2 trace file(s). Example:
/Users/jacob/dev/me/active/ul/sandbox/CompareSaxVsXDocument/BenchmarkDotNet.Artifacts/Benchmark.Deserialize.Sax-20250901-174350.speedscope.json

// * Diagnostic Output - MemoryDiagnoser *


// ***** BenchmarkRunner: End *****
Run time: 00:00:49 (49.73 sec), executed benchmarks: 2

Global total time: 00:00:55 (55.59 sec), executed benchmarks: 2
// * Artifacts cleanup *
Artifacts cleanup is finished
