// Validating benchmarks:
// ***** BenchmarkRunner: Start   *****
// ***** Found 2 benchmark(s) in total *****
// ***** Building 1 exe(s) in Parallel: Start   *****
// start dotnet  restore /p:UseSharedCompilation=false /p:BuildInParallel=false /m:1 /p:Deterministic=true /p:Optimize=true /p:ArtifactsPath="/Users/jacob/dev/me/active/ul/artifacts/bin/CompareSaxVsXDocument/release/CompareSaxVsXDocument-.NET 9.0-1/" /p:OutDir="/Users/jacob/dev/me/active/ul/artifacts/bin/CompareSaxVsXDocument/release/CompareSaxVsXDocument-.NET 9.0-1/bin/Release/net9.0/" /p:OutputPath="/Users/jacob/dev/me/active/ul/artifacts/bin/CompareSaxVsXDocument/release/CompareSaxVsXDocument-.NET 9.0-1/bin/Release/net9.0/" /p:PublishDir="/Users/jacob/dev/me/active/ul/artifacts/bin/CompareSaxVsXDocument/release/CompareSaxVsXDocument-.NET 9.0-1/publish/" in /Users/jacob/dev/me/active/ul/artifacts/bin/CompareSaxVsXDocument/release/CompareSaxVsXDocument-.NET 9.0-1
// command took 0.53 sec and exited with 0
// start dotnet  build -c Release --no-restore /p:UseSharedCompilation=false /p:BuildInParallel=false /m:1 /p:Deterministic=true /p:Optimize=true /p:ArtifactsPath="/Users/jacob/dev/me/active/ul/artifacts/bin/CompareSaxVsXDocument/release/CompareSaxVsXDocument-.NET 9.0-1/" /p:OutDir="/Users/jacob/dev/me/active/ul/artifacts/bin/CompareSaxVsXDocument/release/CompareSaxVsXDocument-.NET 9.0-1/bin/Release/net9.0/" /p:OutputPath="/Users/jacob/dev/me/active/ul/artifacts/bin/CompareSaxVsXDocument/release/CompareSaxVsXDocument-.NET 9.0-1/bin/Release/net9.0/" /p:PublishDir="/Users/jacob/dev/me/active/ul/artifacts/bin/CompareSaxVsXDocument/release/CompareSaxVsXDocument-.NET 9.0-1/publish/" --output "/Users/jacob/dev/me/active/ul/artifacts/bin/CompareSaxVsXDocument/release/CompareSaxVsXDocument-.NET 9.0-1/bin/Release/net9.0/" in /Users/jacob/dev/me/active/ul/artifacts/bin/CompareSaxVsXDocument/release/CompareSaxVsXDocument-.NET 9.0-1
// command took 4.94 sec and exited with 0
// ***** Done, took 00:00:05 (5.51 sec)   *****
// Found 2 benchmarks:
//   Deserialize.Sax: .NET 9.0(Runtime=.NET 9.0)
//   Deserialize.XDocument: .NET 9.0(Runtime=.NET 9.0)

// **************************
// Benchmark: Deserialize.Sax: .NET 9.0(Runtime=.NET 9.0)
// *** Execute ***
// Launch: 1 / 1
// Execute: dotnet "CompareSaxVsXDocument-.NET 9.0-1.dll" --anonymousPipes 120 121 --benchmarkName Benchmark.Deserialize.Sax --job ".NET 9.0" --benchmarkId 0 in /Users/jacob/dev/me/active/ul/artifacts/bin/CompareSaxVsXDocument/release/CompareSaxVsXDocument-.NET 9.0-1/bin/Release/net9.0
// Failed to set up high priority (Permission denied). In order to run benchmarks with high priority, make sure you have the right permissions.
// BeforeAnythingElse

// Benchmark Process Environment Information:
// BenchmarkDotNet v0.15.2
// Runtime=.NET 9.0.5 (9.0.525.21509), Arm64 RyuJIT AdvSIMD
// GC=Concurrent Workstation
// HardwareIntrinsics=AdvSIMD,AES,CRC32,DP,RDM,SHA1,SHA256 VectorSize=128
// Job: .NET 9.0

OverheadJitting  1: 1 op, 75000.00 ns, 75.0000 us/op
WorkloadJitting  1: 1 op, 38714416.00 ns, 38.7144 ms/op

WorkloadPilot    1: 2 op, 35197583.00 ns, 17.5988 ms/op
WorkloadPilot    2: 3 op, 52662375.00 ns, 17.5541 ms/op
WorkloadPilot    3: 4 op, 73643708.00 ns, 18.4109 ms/op
WorkloadPilot    4: 5 op, 90091167.00 ns, 18.0182 ms/op
WorkloadPilot    5: 6 op, 102397792.00 ns, 17.0663 ms/op
WorkloadPilot    6: 7 op, 119191458.00 ns, 17.0274 ms/op
WorkloadPilot    7: 8 op, 140695167.00 ns, 17.5869 ms/op
WorkloadPilot    8: 9 op, 176825625.00 ns, 19.6473 ms/op
WorkloadPilot    9: 10 op, 185882542.00 ns, 18.5883 ms/op
WorkloadPilot   10: 11 op, 212684000.00 ns, 19.3349 ms/op
WorkloadPilot   11: 12 op, 230414500.00 ns, 19.2012 ms/op
WorkloadPilot   12: 13 op, 250597667.00 ns, 19.2767 ms/op
WorkloadPilot   13: 14 op, 267188500.00 ns, 19.0849 ms/op
WorkloadPilot   14: 15 op, 287932125.00 ns, 19.1955 ms/op
WorkloadPilot   15: 16 op, 312441541.00 ns, 19.5276 ms/op
WorkloadPilot   16: 32 op, 621759250.00 ns, 19.4300 ms/op

OverheadWarmup   1: 32 op, 1166.00 ns, 36.4375 ns/op
OverheadWarmup   2: 32 op, 250.00 ns, 7.8125 ns/op
OverheadWarmup   3: 32 op, 166.00 ns, 5.1875 ns/op
OverheadWarmup   4: 32 op, 84.00 ns, 2.6250 ns/op
OverheadWarmup   5: 32 op, 125.00 ns, 3.9063 ns/op
OverheadWarmup   6: 32 op, 125.00 ns, 3.9063 ns/op
OverheadWarmup   7: 32 op, 84.00 ns, 2.6250 ns/op
OverheadWarmup   8: 32 op, 83.00 ns, 2.5938 ns/op
OverheadWarmup   9: 32 op, 167.00 ns, 5.2188 ns/op

// BeforeActualRun
WorkloadActual   1: 32 op, 618526458.00 ns, 19.3290 ms/op
WorkloadActual   2: 32 op, 625000916.00 ns, 19.5313 ms/op
WorkloadActual   3: 32 op, 625009416.00 ns, 19.5315 ms/op
WorkloadActual   4: 32 op, 623575916.00 ns, 19.4867 ms/op
WorkloadActual   5: 32 op, 625207541.00 ns, 19.5377 ms/op
WorkloadActual   6: 32 op, 626029875.00 ns, 19.5634 ms/op
WorkloadActual   7: 32 op, 624530916.00 ns, 19.5166 ms/op
WorkloadActual   8: 32 op, 625986084.00 ns, 19.5621 ms/op
WorkloadActual   9: 32 op, 623927667.00 ns, 19.4977 ms/op
WorkloadActual  10: 32 op, 647062625.00 ns, 20.2207 ms/op
WorkloadActual  11: 32 op, 638573583.00 ns, 19.9554 ms/op
WorkloadActual  12: 32 op, 623597292.00 ns, 19.4874 ms/op
WorkloadActual  13: 32 op, 629221000.00 ns, 19.6632 ms/op
WorkloadActual  14: 32 op, 622384333.00 ns, 19.4495 ms/op
WorkloadActual  15: 32 op, 627935833.00 ns, 19.6230 ms/op

// AfterActualRun
WorkloadResult   1: 32 op, 618526458.00 ns, 19.3290 ms/op
WorkloadResult   2: 32 op, 625000916.00 ns, 19.5313 ms/op
WorkloadResult   3: 32 op, 625009416.00 ns, 19.5315 ms/op
WorkloadResult   4: 32 op, 623575916.00 ns, 19.4867 ms/op
WorkloadResult   5: 32 op, 625207541.00 ns, 19.5377 ms/op
WorkloadResult   6: 32 op, 626029875.00 ns, 19.5634 ms/op
WorkloadResult   7: 32 op, 624530916.00 ns, 19.5166 ms/op
WorkloadResult   8: 32 op, 625986084.00 ns, 19.5621 ms/op
WorkloadResult   9: 32 op, 623927667.00 ns, 19.4977 ms/op
WorkloadResult  10: 32 op, 623597292.00 ns, 19.4874 ms/op
WorkloadResult  11: 32 op, 629221000.00 ns, 19.6632 ms/op
WorkloadResult  12: 32 op, 622384333.00 ns, 19.4495 ms/op
WorkloadResult  13: 32 op, 627935833.00 ns, 19.6230 ms/op
// GC:  45 19 8 347532448 32
// Threading:  0 0 32

// AfterAll
// Benchmark Process 45268 has exited with code 0.

// Run, Diagnostic
// Execute: dotnet "CompareSaxVsXDocument-.NET 9.0-1.dll" --anonymousPipes 120 121 --benchmarkName Benchmark.Deserialize.Sax --job ".NET 9.0" --benchmarkId 0 in /Users/jacob/dev/me/active/ul/artifacts/bin/CompareSaxVsXDocument/release/CompareSaxVsXDocument-.NET 9.0-1/bin/Release/net9.0
// Failed to set up high priority (Permission denied). In order to run benchmarks with high priority, make sure you have the right permissions.
// BeforeAnythingElse

// Benchmark Process Environment Information:
// BenchmarkDotNet v0.15.2
// Runtime=.NET 9.0.5 (9.0.525.21509), Arm64 RyuJIT AdvSIMD
// GC=Concurrent Workstation
// HardwareIntrinsics=AdvSIMD,AES,CRC32,DP,RDM,SHA1,SHA256 VectorSize=128
// Job: .NET 9.0

OverheadJitting  1: 1 op, 76542.00 ns, 76.5420 us/op
WorkloadJitting  1: 1 op, 39522291.00 ns, 39.5223 ms/op

WorkloadPilot    1: 2 op, 37130667.00 ns, 18.5653 ms/op
WorkloadPilot    2: 3 op, 54310292.00 ns, 18.1034 ms/op
WorkloadPilot    3: 4 op, 80637958.00 ns, 20.1595 ms/op
WorkloadPilot    4: 5 op, 99956542.00 ns, 19.9913 ms/op
WorkloadPilot    5: 6 op, 114164959.00 ns, 19.0275 ms/op
WorkloadPilot    6: 7 op, 130016167.00 ns, 18.5737 ms/op
WorkloadPilot    7: 8 op, 171527375.00 ns, 21.4409 ms/op
WorkloadPilot    8: 9 op, 173617417.00 ns, 19.2908 ms/op
WorkloadPilot    9: 10 op, 194174333.00 ns, 19.4174 ms/op
WorkloadPilot   10: 11 op, 228001417.00 ns, 20.7274 ms/op
WorkloadPilot   11: 12 op, 252128791.00 ns, 21.0107 ms/op
WorkloadPilot   12: 13 op, 271813291.00 ns, 20.9087 ms/op
WorkloadPilot   13: 14 op, 290094875.00 ns, 20.7211 ms/op
WorkloadPilot   14: 15 op, 310385917.00 ns, 20.6924 ms/op
WorkloadPilot   15: 16 op, 334559791.00 ns, 20.9100 ms/op
WorkloadPilot   16: 32 op, 655133542.00 ns, 20.4729 ms/op

OverheadWarmup   1: 32 op, 834.00 ns, 26.0625 ns/op
OverheadWarmup   2: 32 op, 125.00 ns, 3.9063 ns/op
OverheadWarmup   3: 32 op, 125.00 ns, 3.9063 ns/op
OverheadWarmup   4: 32 op, 125.00 ns, 3.9063 ns/op
OverheadWarmup   5: 32 op, 125.00 ns, 3.9063 ns/op
OverheadWarmup   6: 32 op, 83.00 ns, 2.5938 ns/op

// BeforeActualRun
WorkloadActual   1: 32 op, 657368500.00 ns, 20.5428 ms/op
WorkloadActual   2: 32 op, 655537459.00 ns, 20.4855 ms/op
WorkloadActual   3: 32 op, 657501292.00 ns, 20.5469 ms/op
WorkloadActual   4: 32 op, 658505667.00 ns, 20.5783 ms/op
WorkloadActual   5: 32 op, 656036750.00 ns, 20.5011 ms/op
WorkloadActual   6: 32 op, 659271125.00 ns, 20.6022 ms/op
WorkloadActual   7: 32 op, 656355416.00 ns, 20.5111 ms/op
WorkloadActual   8: 32 op, 657408084.00 ns, 20.5440 ms/op
WorkloadActual   9: 32 op, 658692125.00 ns, 20.5841 ms/op
WorkloadActual  10: 32 op, 655989125.00 ns, 20.4997 ms/op
WorkloadActual  11: 32 op, 661803166.00 ns, 20.6813 ms/op
WorkloadActual  12: 32 op, 706992958.00 ns, 22.0935 ms/op
WorkloadActual  13: 32 op, 662518625.00 ns, 20.7037 ms/op
WorkloadActual  14: 32 op, 663974875.00 ns, 20.7492 ms/op
WorkloadActual  15: 32 op, 664865334.00 ns, 20.7770 ms/op

// AfterActualRun
WorkloadResult   1: 32 op, 657368500.00 ns, 20.5428 ms/op
WorkloadResult   2: 32 op, 655537459.00 ns, 20.4855 ms/op
WorkloadResult   3: 32 op, 657501292.00 ns, 20.5469 ms/op
WorkloadResult   4: 32 op, 658505667.00 ns, 20.5783 ms/op
WorkloadResult   5: 32 op, 656036750.00 ns, 20.5011 ms/op
WorkloadResult   6: 32 op, 659271125.00 ns, 20.6022 ms/op
WorkloadResult   7: 32 op, 656355416.00 ns, 20.5111 ms/op
WorkloadResult   8: 32 op, 657408084.00 ns, 20.5440 ms/op
WorkloadResult   9: 32 op, 658692125.00 ns, 20.5841 ms/op
WorkloadResult  10: 32 op, 655989125.00 ns, 20.4997 ms/op
WorkloadResult  11: 32 op, 661803166.00 ns, 20.6813 ms/op
WorkloadResult  12: 32 op, 662518625.00 ns, 20.7037 ms/op
WorkloadResult  13: 32 op, 663974875.00 ns, 20.7492 ms/op
WorkloadResult  14: 32 op, 664865334.00 ns, 20.7770 ms/op
// GC:  47 21 8 347523912 32
// Threading:  0 0 32

// AfterAll
// Benchmark Process 45275 has exited with code 0.

Mean = 19.521 ms, StdErr = 0.023 ms (0.12%), N = 13, StdDev = 0.081 ms
Min = 19.329 ms, Q1 = 19.487 ms, Median = 19.531 ms, Q3 = 19.562 ms, Max = 19.663 ms
IQR = 0.075 ms, LowerFence = 19.375 ms, UpperFence = 19.674 ms
ConfidenceInterval = [19.424 ms; 19.619 ms] (CI 99.9%), Margin = 0.097 ms (0.50% of Mean)
Skewness = -0.51, Kurtosis = 3.37, MValue = 2

// ** Remained 1 (50.0%) benchmark(s) to run. Estimated finish 2025-09-01 17:42 (0h 0m from now) **
// **************************
// Benchmark: Deserialize.XDocument: .NET 9.0(Runtime=.NET 9.0)
// *** Execute ***
// Launch: 1 / 1
// Execute: dotnet "CompareSaxVsXDocument-.NET 9.0-1.dll" --anonymousPipes 131 134 --benchmarkName Benchmark.Deserialize.XDocument --job ".NET 9.0" --benchmarkId 1 in /Users/jacob/dev/me/active/ul/artifacts/bin/CompareSaxVsXDocument/release/CompareSaxVsXDocument-.NET 9.0-1/bin/Release/net9.0
// Failed to set up high priority (Permission denied). In order to run benchmarks with high priority, make sure you have the right permissions.
// BeforeAnythingElse

// Benchmark Process Environment Information:
// BenchmarkDotNet v0.15.2
// Runtime=.NET 9.0.5 (9.0.525.21509), Arm64 RyuJIT AdvSIMD
// GC=Concurrent Workstation
// HardwareIntrinsics=AdvSIMD,AES,CRC32,DP,RDM,SHA1,SHA256 VectorSize=128
// Job: .NET 9.0

OverheadJitting  1: 1 op, 73291.00 ns, 73.2910 us/op
WorkloadJitting  1: 1 op, 124722209.00 ns, 124.7222 ms/op

WorkloadPilot    1: 2 op, 223234542.00 ns, 111.6173 ms/op
WorkloadPilot    2: 3 op, 393556792.00 ns, 131.1856 ms/op
WorkloadPilot    3: 4 op, 500628958.00 ns, 125.1572 ms/op

OverheadWarmup   1: 4 op, 584.00 ns, 146.0000 ns/op
OverheadWarmup   2: 4 op, 41.00 ns, 10.2500 ns/op
OverheadWarmup   3: 4 op, 42.00 ns, 10.5000 ns/op
OverheadWarmup   4: 4 op, 84.00 ns, 21.0000 ns/op
OverheadWarmup   5: 4 op, 167.00 ns, 41.7500 ns/op
OverheadWarmup   6: 4 op, 250.00 ns, 62.5000 ns/op
OverheadWarmup   7: 4 op, 250.00 ns, 62.5000 ns/op
OverheadWarmup   8: 4 op, 833.00 ns, 208.2500 ns/op
OverheadWarmup   9: 4 op, 125.00 ns, 31.2500 ns/op

// BeforeActualRun
WorkloadActual   1: 4 op, 574225792.00 ns, 143.5564 ms/op
WorkloadActual   2: 4 op, 313221375.00 ns, 78.3053 ms/op
WorkloadActual   3: 4 op, 285854667.00 ns, 71.4637 ms/op
WorkloadActual   4: 4 op, 282524792.00 ns, 70.6312 ms/op
WorkloadActual   5: 4 op, 275245667.00 ns, 68.8114 ms/op
WorkloadActual   6: 4 op, 274373167.00 ns, 68.5933 ms/op
WorkloadActual   7: 4 op, 274012083.00 ns, 68.5030 ms/op
WorkloadActual   8: 4 op, 275256625.00 ns, 68.8142 ms/op
WorkloadActual   9: 4 op, 275640667.00 ns, 68.9102 ms/op
WorkloadActual  10: 4 op, 272995250.00 ns, 68.2488 ms/op
WorkloadActual  11: 4 op, 275027917.00 ns, 68.7570 ms/op
WorkloadActual  12: 4 op, 274638667.00 ns, 68.6597 ms/op
WorkloadActual  13: 4 op, 273828750.00 ns, 68.4572 ms/op
WorkloadActual  14: 4 op, 272388125.00 ns, 68.0970 ms/op
WorkloadActual  15: 4 op, 247646083.00 ns, 61.9115 ms/op
WorkloadActual  16: 4 op, 245653500.00 ns, 61.4134 ms/op
WorkloadActual  17: 4 op, 249047209.00 ns, 62.2618 ms/op
WorkloadActual  18: 4 op, 247273583.00 ns, 61.8184 ms/op
WorkloadActual  19: 4 op, 247534166.00 ns, 61.8835 ms/op
WorkloadActual  20: 4 op, 249434375.00 ns, 62.3586 ms/op
WorkloadActual  21: 4 op, 247539583.00 ns, 61.8849 ms/op
WorkloadActual  22: 4 op, 247841709.00 ns, 61.9604 ms/op
WorkloadActual  23: 4 op, 246278208.00 ns, 61.5696 ms/op
WorkloadActual  24: 4 op, 246957500.00 ns, 61.7394 ms/op
WorkloadActual  25: 4 op, 248609792.00 ns, 62.1524 ms/op
WorkloadActual  26: 4 op, 248594167.00 ns, 62.1485 ms/op
WorkloadActual  27: 4 op, 248442959.00 ns, 62.1107 ms/op
WorkloadActual  28: 4 op, 247186458.00 ns, 61.7966 ms/op
WorkloadActual  29: 4 op, 248045459.00 ns, 62.0114 ms/op
WorkloadActual  30: 4 op, 247530334.00 ns, 61.8826 ms/op
WorkloadActual  31: 4 op, 248124792.00 ns, 62.0312 ms/op
WorkloadActual  32: 4 op, 247307000.00 ns, 61.8268 ms/op
WorkloadActual  33: 4 op, 247230750.00 ns, 61.8077 ms/op
WorkloadActual  34: 4 op, 247376041.00 ns, 61.8440 ms/op
WorkloadActual  35: 4 op, 257762208.00 ns, 64.4406 ms/op
WorkloadActual  36: 4 op, 260101250.00 ns, 65.0253 ms/op
WorkloadActual  37: 4 op, 251394375.00 ns, 62.8486 ms/op
WorkloadActual  38: 4 op, 249324625.00 ns, 62.3312 ms/op
WorkloadActual  39: 4 op, 247552875.00 ns, 61.8882 ms/op
WorkloadActual  40: 4 op, 247502625.00 ns, 61.8757 ms/op
WorkloadActual  41: 4 op, 245925292.00 ns, 61.4813 ms/op
WorkloadActual  42: 4 op, 247602333.00 ns, 61.9006 ms/op
WorkloadActual  43: 4 op, 248462000.00 ns, 62.1155 ms/op
WorkloadActual  44: 4 op, 247403167.00 ns, 61.8508 ms/op
WorkloadActual  45: 4 op, 247161333.00 ns, 61.7903 ms/op
WorkloadActual  46: 4 op, 248117708.00 ns, 62.0294 ms/op
WorkloadActual  47: 4 op, 247835334.00 ns, 61.9588 ms/op
WorkloadActual  48: 4 op, 248147625.00 ns, 62.0369 ms/op
WorkloadActual  49: 4 op, 246283417.00 ns, 61.5709 ms/op
WorkloadActual  50: 4 op, 249236583.00 ns, 62.3091 ms/op
WorkloadActual  51: 4 op, 247826875.00 ns, 61.9567 ms/op
WorkloadActual  52: 4 op, 247456958.00 ns, 61.8642 ms/op
WorkloadActual  53: 4 op, 246453500.00 ns, 61.6134 ms/op
WorkloadActual  54: 4 op, 247793666.00 ns, 61.9484 ms/op
WorkloadActual  55: 4 op, 247258458.00 ns, 61.8146 ms/op
WorkloadActual  56: 4 op, 247084833.00 ns, 61.7712 ms/op
WorkloadActual  57: 4 op, 247456042.00 ns, 61.8640 ms/op
WorkloadActual  58: 4 op, 246962708.00 ns, 61.7407 ms/op

// AfterActualRun
WorkloadResult   1: 4 op, 275245667.00 ns, 68.8114 ms/op
WorkloadResult   2: 4 op, 274373167.00 ns, 68.5933 ms/op
WorkloadResult   3: 4 op, 274012083.00 ns, 68.5030 ms/op
WorkloadResult   4: 4 op, 275256625.00 ns, 68.8142 ms/op
WorkloadResult   5: 4 op, 275640667.00 ns, 68.9102 ms/op
WorkloadResult   6: 4 op, 272995250.00 ns, 68.2488 ms/op
WorkloadResult   7: 4 op, 275027917.00 ns, 68.7570 ms/op
WorkloadResult   8: 4 op, 274638667.00 ns, 68.6597 ms/op
WorkloadResult   9: 4 op, 273828750.00 ns, 68.4572 ms/op
WorkloadResult  10: 4 op, 272388125.00 ns, 68.0970 ms/op
WorkloadResult  11: 4 op, 247646083.00 ns, 61.9115 ms/op
WorkloadResult  12: 4 op, 245653500.00 ns, 61.4134 ms/op
WorkloadResult  13: 4 op, 249047209.00 ns, 62.2618 ms/op
WorkloadResult  14: 4 op, 247273583.00 ns, 61.8184 ms/op
WorkloadResult  15: 4 op, 247534166.00 ns, 61.8835 ms/op
WorkloadResult  16: 4 op, 249434375.00 ns, 62.3586 ms/op
WorkloadResult  17: 4 op, 247539583.00 ns, 61.8849 ms/op
WorkloadResult  18: 4 op, 247841709.00 ns, 61.9604 ms/op
WorkloadResult  19: 4 op, 246278208.00 ns, 61.5696 ms/op
WorkloadResult  20: 4 op, 246957500.00 ns, 61.7394 ms/op
WorkloadResult  21: 4 op, 248609792.00 ns, 62.1524 ms/op
WorkloadResult  22: 4 op, 248594167.00 ns, 62.1485 ms/op
WorkloadResult  23: 4 op, 248442959.00 ns, 62.1107 ms/op
WorkloadResult  24: 4 op, 247186458.00 ns, 61.7966 ms/op
WorkloadResult  25: 4 op, 248045459.00 ns, 62.0114 ms/op
WorkloadResult  26: 4 op, 247530334.00 ns, 61.8826 ms/op
WorkloadResult  27: 4 op, 248124792.00 ns, 62.0312 ms/op
WorkloadResult  28: 4 op, 247307000.00 ns, 61.8268 ms/op
WorkloadResult  29: 4 op, 247230750.00 ns, 61.8077 ms/op
WorkloadResult  30: 4 op, 247376041.00 ns, 61.8440 ms/op
WorkloadResult  31: 4 op, 257762208.00 ns, 64.4406 ms/op
WorkloadResult  32: 4 op, 260101250.00 ns, 65.0253 ms/op
WorkloadResult  33: 4 op, 251394375.00 ns, 62.8486 ms/op
WorkloadResult  34: 4 op, 249324625.00 ns, 62.3312 ms/op
WorkloadResult  35: 4 op, 247552875.00 ns, 61.8882 ms/op
WorkloadResult  36: 4 op, 247502625.00 ns, 61.8757 ms/op
WorkloadResult  37: 4 op, 245925292.00 ns, 61.4813 ms/op
WorkloadResult  38: 4 op, 247602333.00 ns, 61.9006 ms/op
WorkloadResult  39: 4 op, 248462000.00 ns, 62.1155 ms/op
WorkloadResult  40: 4 op, 247403167.00 ns, 61.8508 ms/op
WorkloadResult  41: 4 op, 247161333.00 ns, 61.7903 ms/op
WorkloadResult  42: 4 op, 248117708.00 ns, 62.0294 ms/op
WorkloadResult  43: 4 op, 247835334.00 ns, 61.9588 ms/op
WorkloadResult  44: 4 op, 248147625.00 ns, 62.0369 ms/op
WorkloadResult  45: 4 op, 246283417.00 ns, 61.5709 ms/op
WorkloadResult  46: 4 op, 249236583.00 ns, 62.3091 ms/op
WorkloadResult  47: 4 op, 247826875.00 ns, 61.9567 ms/op
WorkloadResult  48: 4 op, 247456958.00 ns, 61.8642 ms/op
WorkloadResult  49: 4 op, 246453500.00 ns, 61.6134 ms/op
WorkloadResult  50: 4 op, 247793666.00 ns, 61.9484 ms/op
WorkloadResult  51: 4 op, 247258458.00 ns, 61.8146 ms/op
WorkloadResult  52: 4 op, 247084833.00 ns, 61.7712 ms/op
WorkloadResult  53: 4 op, 247456042.00 ns, 61.8640 ms/op
WorkloadResult  54: 4 op, 246962708.00 ns, 61.7407 ms/op
// GC:  32 11 4 248073400 4
// Threading:  0 0 4

// AfterAll
// Benchmark Process 45283 has exited with code 0.

// Run, Diagnostic
// Execute: dotnet "CompareSaxVsXDocument-.NET 9.0-1.dll" --anonymousPipes 131 134 --benchmarkName Benchmark.Deserialize.XDocument --job ".NET 9.0" --benchmarkId 1 in /Users/jacob/dev/me/active/ul/artifacts/bin/CompareSaxVsXDocument/release/CompareSaxVsXDocument-.NET 9.0-1/bin/Release/net9.0
// Failed to set up high priority (Permission denied). In order to run benchmarks with high priority, make sure you have the right permissions.
// BeforeAnythingElse

// Benchmark Process Environment Information:
// BenchmarkDotNet v0.15.2
// Runtime=.NET 9.0.5 (9.0.525.21509), Arm64 RyuJIT AdvSIMD
// GC=Concurrent Workstation
// HardwareIntrinsics=AdvSIMD,AES,CRC32,DP,RDM,SHA1,SHA256 VectorSize=128
// Job: .NET 9.0

OverheadJitting  1: 1 op, 78708.00 ns, 78.7080 us/op
WorkloadJitting  1: 1 op, 128453958.00 ns, 128.4540 ms/op

WorkloadPilot    1: 2 op, 242950125.00 ns, 121.4751 ms/op
WorkloadPilot    2: 3 op, 336059542.00 ns, 112.0198 ms/op
WorkloadPilot    3: 4 op, 458143125.00 ns, 114.5358 ms/op
WorkloadPilot    4: 5 op, 434796625.00 ns, 86.9593 ms/op
WorkloadPilot    5: 6 op, 461372834.00 ns, 76.8955 ms/op
WorkloadPilot    6: 7 op, 514652375.00 ns, 73.5218 ms/op

OverheadWarmup   1: 7 op, 417.00 ns, 59.5714 ns/op
OverheadWarmup   2: 7 op, 292.00 ns, 41.7143 ns/op
OverheadWarmup   3: 7 op, 0.00 ns, 0.0000 ns/op
OverheadWarmup   4: 7 op, 208.00 ns, 29.7143 ns/op
OverheadWarmup   5: 7 op, 667.00 ns, 95.2857 ns/op
OverheadWarmup   6: 7 op, 83.00 ns, 11.8571 ns/op
OverheadWarmup   7: 7 op, 42.00 ns, 6.0000 ns/op
OverheadWarmup   8: 7 op, 42.00 ns, 6.0000 ns/op
OverheadWarmup   9: 7 op, 42.00 ns, 6.0000 ns/op

// BeforeActualRun
WorkloadActual   1: 7 op, 509922375.00 ns, 72.8461 ms/op
WorkloadActual   2: 7 op, 512118416.00 ns, 73.1598 ms/op
WorkloadActual   3: 7 op, 510255375.00 ns, 72.8936 ms/op
WorkloadActual   4: 7 op, 511374875.00 ns, 73.0536 ms/op
WorkloadActual   5: 7 op, 509874209.00 ns, 72.8392 ms/op
WorkloadActual   6: 7 op, 462075666.00 ns, 66.0108 ms/op
WorkloadActual   7: 7 op, 461614875.00 ns, 65.9450 ms/op
WorkloadActual   8: 7 op, 461254625.00 ns, 65.8935 ms/op
WorkloadActual   9: 7 op, 462254208.00 ns, 66.0363 ms/op
WorkloadActual  10: 7 op, 463403375.00 ns, 66.2005 ms/op
WorkloadActual  11: 7 op, 462455833.00 ns, 66.0651 ms/op
WorkloadActual  12: 7 op, 461814875.00 ns, 65.9736 ms/op
WorkloadActual  13: 7 op, 473404917.00 ns, 67.6293 ms/op
WorkloadActual  14: 7 op, 495652000.00 ns, 70.8074 ms/op
WorkloadActual  15: 7 op, 465653917.00 ns, 66.5220 ms/op
WorkloadActual  16: 7 op, 464722250.00 ns, 66.3889 ms/op
WorkloadActual  17: 7 op, 463765042.00 ns, 66.2521 ms/op
WorkloadActual  18: 7 op, 466584917.00 ns, 66.6550 ms/op
WorkloadActual  19: 7 op, 465393250.00 ns, 66.4848 ms/op
WorkloadActual  20: 7 op, 462021000.00 ns, 66.0030 ms/op
WorkloadActual  21: 7 op, 463362625.00 ns, 66.1947 ms/op
WorkloadActual  22: 7 op, 461773167.00 ns, 65.9676 ms/op
WorkloadActual  23: 7 op, 465657250.00 ns, 66.5225 ms/op
WorkloadActual  24: 7 op, 463322750.00 ns, 66.1890 ms/op
WorkloadActual  25: 7 op, 464119291.00 ns, 66.3028 ms/op

// AfterActualRun
WorkloadResult   1: 7 op, 462075666.00 ns, 66.0108 ms/op
WorkloadResult   2: 7 op, 461614875.00 ns, 65.9450 ms/op
WorkloadResult   3: 7 op, 461254625.00 ns, 65.8935 ms/op
WorkloadResult   4: 7 op, 462254208.00 ns, 66.0363 ms/op
WorkloadResult   5: 7 op, 463403375.00 ns, 66.2005 ms/op
WorkloadResult   6: 7 op, 462455833.00 ns, 66.0651 ms/op
WorkloadResult   7: 7 op, 461814875.00 ns, 65.9736 ms/op
WorkloadResult   8: 7 op, 473404917.00 ns, 67.6293 ms/op
WorkloadResult   9: 7 op, 465653917.00 ns, 66.5220 ms/op
WorkloadResult  10: 7 op, 464722250.00 ns, 66.3889 ms/op
WorkloadResult  11: 7 op, 463765042.00 ns, 66.2521 ms/op
WorkloadResult  12: 7 op, 466584917.00 ns, 66.6550 ms/op
WorkloadResult  13: 7 op, 465393250.00 ns, 66.4848 ms/op
WorkloadResult  14: 7 op, 462021000.00 ns, 66.0030 ms/op
WorkloadResult  15: 7 op, 463362625.00 ns, 66.1947 ms/op
WorkloadResult  16: 7 op, 461773167.00 ns, 65.9676 ms/op
WorkloadResult  17: 7 op, 465657250.00 ns, 66.5225 ms/op
WorkloadResult  18: 7 op, 463322750.00 ns, 66.1890 ms/op
WorkloadResult  19: 7 op, 464119291.00 ns, 66.3028 ms/op
// GC:  58 21 9 434131224 7
// Threading:  0 0 7

// AfterAll
// Benchmark Process 45291 has exited with code 0.

Mean = 63.265 ms, StdErr = 0.358 ms (0.57%), N = 54, StdDev = 2.628 ms
Min = 61.413 ms, Q1 = 61.831 ms, Median = 61.958 ms, Q3 = 62.352 ms, Max = 68.910 ms
IQR = 0.521 ms, LowerFence = 61.050 ms, UpperFence = 63.133 ms
ConfidenceInterval = [62.019 ms; 64.510 ms] (CI 99.9%), Margin = 1.246 ms (1.97% of Mean)
Skewness = 1.44, Kurtosis = 3.22, MValue = 2

// ** Remained 0 (0.0%) benchmark(s) to run. Estimated finish 2025-09-01 17:42 (0h 0m from now) **
// ***** BenchmarkRunner: Finish  *****

// * Export *
  BenchmarkDotNet.Artifacts/results/Benchmark.Deserialize-report.csv
  BenchmarkDotNet.Artifacts/results/Benchmark.Deserialize-report-github.md
  BenchmarkDotNet.Artifacts/results/Benchmark.Deserialize-report.html

// * Detailed results *
Deserialize.Sax: .NET 9.0(Runtime=.NET 9.0)
Runtime = .NET 9.0.5 (9.0.525.21509), Arm64 RyuJIT AdvSIMD; GC = Concurrent Workstation
Mean = 19.521 ms, StdErr = 0.023 ms (0.12%), N = 13, StdDev = 0.081 ms
Min = 19.329 ms, Q1 = 19.487 ms, Median = 19.531 ms, Q3 = 19.562 ms, Max = 19.663 ms
IQR = 0.075 ms, LowerFence = 19.375 ms, UpperFence = 19.674 ms
ConfidenceInterval = [19.424 ms; 19.619 ms] (CI 99.9%), Margin = 0.097 ms (0.50% of Mean)
Skewness = -0.51, Kurtosis = 3.37, MValue = 2
-------------------- Histogram --------------------
[19.284 ms ; 19.709 ms) | @@@@@@@@@@@@@
---------------------------------------------------

Deserialize.XDocument: .NET 9.0(Runtime=.NET 9.0)
Runtime = .NET 9.0.5 (9.0.525.21509), Arm64 RyuJIT AdvSIMD; GC = Concurrent Workstation
Mean = 63.265 ms, StdErr = 0.358 ms (0.57%), N = 54, StdDev = 2.628 ms
Min = 61.413 ms, Q1 = 61.831 ms, Median = 61.958 ms, Q3 = 62.352 ms, Max = 68.910 ms
IQR = 0.521 ms, LowerFence = 61.050 ms, UpperFence = 63.133 ms
ConfidenceInterval = [62.019 ms; 64.510 ms] (CI 99.9%), Margin = 1.246 ms (1.97% of Mean)
Skewness = 1.44, Kurtosis = 3.22, MValue = 2
-------------------- Histogram --------------------
[61.219 ms ; 63.043 ms) | @@@@@@@@@@@@@@@@@@@@@@@@@@@@@@@@@@@@@@@@@@
[63.043 ms ; 65.645 ms) | @@
[65.645 ms ; 67.591 ms) | 
[67.591 ms ; 69.416 ms) | @@@@@@@@@@
---------------------------------------------------

// * Summary *

BenchmarkDotNet v0.15.2, macOS Sequoia 15.4.1 (24E263) [Darwin 24.4.0]
Apple M4 Max, 1 CPU, 16 logical and 16 physical cores
.NET SDK 9.0.300
  [Host]   : .NET 9.0.5 (9.0.525.21509), Arm64 RyuJIT AdvSIMD
  .NET 9.0 : .NET 9.0.5 (9.0.525.21509), Arm64 RyuJIT AdvSIMD

Job=.NET 9.0  Runtime=.NET 9.0  

| Method    | Mean     | Error    | StdDev   | Median   | Ratio | RatioSD | Gen0      | Gen1      | Gen2      | Allocated | Alloc Ratio |
|---------- |---------:|---------:|---------:|---------:|------:|--------:|----------:|----------:|----------:|----------:|------------:|
| Sax       | 19.52 ms | 0.097 ms | 0.081 ms | 19.53 ms |  0.31 |    0.01 | 1406.2500 |  593.7500 |  250.0000 |  10.36 MB |        0.18 |
| XDocument | 63.26 ms | 1.246 ms | 2.628 ms | 61.96 ms |  1.00 |    0.06 | 8000.0000 | 2750.0000 | 1000.0000 |  59.15 MB |        1.00 |

// * Hints *
Outliers
  Deserialize.Sax: .NET 9.0       -> 2 outliers were removed, 3 outliers were detected (19.33 ms, 19.96 ms, 20.22 ms)
  Deserialize.XDocument: .NET 9.0 -> 4 outliers were removed (70.63 ms..143.56 ms)

// * Legends *
  Mean        : Arithmetic mean of all measurements
  Error       : Half of 99.9% confidence interval
  StdDev      : Standard deviation of all measurements
  Median      : Value separating the higher half of all measurements (50th percentile)
  Ratio       : Mean of the ratio distribution ([Current]/[Baseline])
  RatioSD     : Standard deviation of the ratio distribution ([Current]/[Baseline])
  Gen0        : GC Generation 0 collects per 1000 operations
  Gen1        : GC Generation 1 collects per 1000 operations
  Gen2        : GC Generation 2 collects per 1000 operations
  Allocated   : Allocated memory per single operation (managed only, inclusive, 1KB = 1024B)
  Alloc Ratio : Allocated memory ratio distribution ([Current]/[Baseline])
  1 ms        : 1 Millisecond (0.001 sec)

// * Diagnostic Output - EventPipeProfiler *
Exported 2 trace file(s). Example:
/Users/jacob/dev/me/active/ul/sandbox/CompareSaxVsXDocument/BenchmarkDotNet.Artifacts/Benchmark.Deserialize.Sax-20250901-174203.speedscope.json

// * Diagnostic Output - MemoryDiagnoser *


// ***** BenchmarkRunner: End *****
Run time: 00:01:01 (61.57 sec), executed benchmarks: 2

Global total time: 00:01:07 (67.26 sec), executed benchmarks: 2
// * Artifacts cleanup *
Artifacts cleanup is finished
